V3 3
FL C:/Users/Arshia/Desktop/nik/decoder3x8/decoder3x8.vhd 2021/10/31.17:23:58 P.20131013
EN work/decoder3x8 1635688640 \
      FL C:/Users/Arshia/Desktop/nik/decoder3x8/decoder3x8.vhd \
      PB ieee/std_logic_1164 1381692176
AR work/decoder3x8/Behavioral 1635688641 \
      FL C:/Users/Arshia/Desktop/nik/decoder3x8/decoder3x8.vhd EN work/decoder3x8 1635688640
